"""
@generated by mypy-protobuf.  Do not edit manually!
isort:skip_file
"""
from abc import (
    ABCMeta as abc___ABCMeta,
    abstractmethod as abc___abstractmethod,
)

from grpc import (
    Channel as grpc___Channel,
    ServicerContext as grpc___ServicerContext,
)

from typing import (
    Generator as typing___Generator,
)


from .dummy_pb2 import *
class DummyServiceServicer(metaclass=abc___ABCMeta):
    @abc___abstractmethod
    def UnaryUnary(self,
        request: type___DummyRequest,
        context: grpc___ServicerContext,
    ) -> type___DummyReply: ...

    @abc___abstractmethod
    def UnaryStream(self,
        request: type___DummyRequest,
        context: grpc___ServicerContext,
    ) -> typing___Generator[type___DummyReply, None, None]: ...

    @abc___abstractmethod
    def StreamUnary(self,
        request: type___DummyRequest,
        context: grpc___ServicerContext,
    ) -> type___DummyReply: ...

    @abc___abstractmethod
    def StreamStream(self,
        request: type___DummyRequest,
        context: grpc___ServicerContext,
    ) -> typing___Generator[type___DummyReply, None, None]: ...


class DummyServiceStub:
    def __init__(self, channel: grpc___Channel) -> None: ...
    def UnaryUnary(self,
        request: type___DummyRequest,
    ) -> type___DummyReply: ...

    def UnaryStream(self,
        request: type___DummyRequest,
    ) -> typing___Generator[type___DummyReply, None, None]: ...

    def StreamUnary(self,
        request: type___DummyRequest,
    ) -> type___DummyReply: ...

    def StreamStream(self,
        request: type___DummyRequest,
    ) -> typing___Generator[type___DummyReply, None, None]: ...

