"""
@generated by mypy-protobuf.  Do not edit manually!
isort:skip_file
"""
from abc import (
    ABCMeta as abc___ABCMeta,
    abstractmethod as abc___abstractmethod,
)

from google.protobuf.empty_pb2 import (
    Empty as google___protobuf___empty_pb2___Empty,
)

from grpc import (
    Channel as grpc___Channel,
    ServicerContext as grpc___ServicerContext,
)

from testproto.test_pb2 import (
    Simple1 as testproto___test_pb2___Simple1,
)


from .import_pb2 import *
class SimpleServiceServicer(metaclass=abc___ABCMeta):
    @abc___abstractmethod
    def UnaryUnary(self,
        request: google___protobuf___empty_pb2___Empty,
        context: grpc___ServicerContext,
    ) -> testproto___test_pb2___Simple1: ...

    @abc___abstractmethod
    def UnaryStream(self,
        request: testproto___test_pb2___Simple1,
        context: grpc___ServicerContext,
    ) -> google___protobuf___empty_pb2___Empty: ...


class SimpleServiceStub:
    def __init__(self, channel: grpc___Channel) -> None: ...
    def UnaryUnary(self,
        request: google___protobuf___empty_pb2___Empty,
    ) -> testproto___test_pb2___Simple1: ...

    def UnaryStream(self,
        request: testproto___test_pb2___Simple1,
    ) -> google___protobuf___empty_pb2___Empty: ...

