"""
@generated by mypy-protobuf.  Do not edit manually!
isort:skip_file
"""
from google.protobuf.descriptor import (
    FileDescriptor as google___protobuf___descriptor___FileDescriptor,
)


DESCRIPTOR: google___protobuf___descriptor___FileDescriptor = ...
