"""
@generated by mypy-protobuf.  Do not edit manually!
isort:skip_file
"""
import google.protobuf.descriptor
import google.protobuf.message
import typing
import typing_extensions

DESCRIPTOR: google.protobuf.descriptor.FileDescriptor = ...

class TestMessage(google.protobuf.message.Message):
    DESCRIPTOR: google.protobuf.descriptor.Descriptor = ...
    foo: typing.Text = ...

    def __init__(self,
        *,
        foo : typing.Text = ...,
        ) -> None: ...
    def ClearField(self, field_name: typing_extensions.Literal[u"foo",b"foo"]) -> None: ...
type___TestMessage = TestMessage
