# @generated by generate_proto_mypy_stubs.py.  Do not edit!
import sys
from google.protobuf.descriptor import (
    Descriptor as google___protobuf___descriptor___Descriptor,
)

from google.protobuf.message import (
    Message as google___protobuf___message___Message,
)

from test.proto.test3_pb2 import (
    OuterEnum as test___proto___test3_pb2___OuterEnum,
)

from typing import (
    Optional as typing___Optional,
    Union as typing___Union,
)

from typing_extensions import (
    Literal as typing_extensions___Literal,
)


builtin___bool = bool
builtin___bytes = bytes
builtin___float = float
builtin___int = int
if sys.version_info < (3,):
    builtin___buffer = buffer
    builtin___unicode = unicode


class Inner(google___protobuf___message___Message):
    DESCRIPTOR: google___protobuf___descriptor___Descriptor = ...
    a = ... # type: test___proto___test3_pb2___OuterEnum

    def __init__(self,
        *,
        a : typing___Optional[test___proto___test3_pb2___OuterEnum] = None,
        ) -> None: ...
    if sys.version_info >= (3,):
        @classmethod
        def FromString(cls, s: builtin___bytes) -> Inner: ...
    else:
        @classmethod
        def FromString(cls, s: typing___Union[builtin___bytes, builtin___buffer, builtin___unicode]) -> Inner: ...
    def MergeFrom(self, other_msg: google___protobuf___message___Message) -> None: ...
    def CopyFrom(self, other_msg: google___protobuf___message___Message) -> None: ...
    def ClearField(self, field_name: typing_extensions___Literal[u"a",b"a"]) -> None: ...
global___Inner = Inner
