"""
@generated by mypy-protobuf.  Do not edit manually!
isort:skip_file
"""
from testproto.test3_pb2 import (
    OuterEnum as OuterEnum,
    OuterMessage3 as OuterMessage3,
    SimpleProto3 as SimpleProto3,
)

