"""
@generated by mypy-protobuf.  Do not edit manually!
isort:skip_file
"""
from google.protobuf.descriptor import (
    Descriptor as google___protobuf___descriptor___Descriptor,
    FileDescriptor as google___protobuf___descriptor___FileDescriptor,
)

from google.protobuf.internal.extension_dict import (
    _ExtensionFieldDescriptor as google___protobuf___internal___extension_dict____ExtensionFieldDescriptor,
)

from google.protobuf.message import (
    Message as google___protobuf___message___Message,
)

from testproto.test_pb2 import (
    Simple2 as testproto___test_pb2___Simple2,
)

from typing import (
    Optional as typing___Optional,
)

from typing_extensions import (
    Literal as typing_extensions___Literal,
)


builtin___bool = bool
builtin___bytes = bytes
builtin___float = float
builtin___int = int


DESCRIPTOR: google___protobuf___descriptor___FileDescriptor = ...

class SeparateFileExtension(google___protobuf___message___Message):
    DESCRIPTOR: google___protobuf___descriptor___Descriptor = ...
    flag: builtin___bool = ...

    ext: google___protobuf___internal___extension_dict____ExtensionFieldDescriptor[testproto___test_pb2___Simple2, type___SeparateFileExtension] = ...

    def __init__(self,
        *,
        flag : typing___Optional[builtin___bool] = None,
        ) -> None: ...
    def HasField(self, field_name: typing_extensions___Literal[u"flag",b"flag"]) -> builtin___bool: ...
    def ClearField(self, field_name: typing_extensions___Literal[u"flag",b"flag"]) -> None: ...
type___SeparateFileExtension = SeparateFileExtension
