"""
@generated by mypy-protobuf.  Do not edit manually!
isort:skip_file
"""
from google.protobuf.descriptor import (
    Descriptor as google___protobuf___descriptor___Descriptor,
    EnumDescriptor as google___protobuf___descriptor___EnumDescriptor,
    FileDescriptor as google___protobuf___descriptor___FileDescriptor,
)

from google.protobuf.internal.containers import (
    MessageMap as google___protobuf___internal___containers___MessageMap,
    RepeatedScalarFieldContainer as google___protobuf___internal___containers___RepeatedScalarFieldContainer,
    ScalarMap as google___protobuf___internal___containers___ScalarMap,
)

from google.protobuf.internal.enum_type_wrapper import (
    _EnumTypeWrapper as google___protobuf___internal___enum_type_wrapper____EnumTypeWrapper,
)

from google.protobuf.message import (
    Message as google___protobuf___message___Message,
)

from typing import (
    Iterable as typing___Iterable,
    Mapping as typing___Mapping,
    NewType as typing___NewType,
    Optional as typing___Optional,
    Text as typing___Text,
    cast as typing___cast,
    overload as typing___overload,
)

from typing_extensions import (
    Literal as typing_extensions___Literal,
)


builtin___bool = bool
builtin___bytes = bytes
builtin___float = float
builtin___int = int


DESCRIPTOR: google___protobuf___descriptor___FileDescriptor = ...

OuterEnumValue = typing___NewType('OuterEnumValue', builtin___int)
type___OuterEnumValue = OuterEnumValue
OuterEnum: _OuterEnum
class _OuterEnum(google___protobuf___internal___enum_type_wrapper____EnumTypeWrapper[OuterEnumValue]):
    DESCRIPTOR: google___protobuf___descriptor___EnumDescriptor = ...
    UNKNOWN = typing___cast(OuterEnumValue, 0)
    FOO3 = typing___cast(OuterEnumValue, 1)
    BAR3 = typing___cast(OuterEnumValue, 2)
UNKNOWN = typing___cast(OuterEnumValue, 0)
FOO3 = typing___cast(OuterEnumValue, 1)
BAR3 = typing___cast(OuterEnumValue, 2)

class OuterMessage3(google___protobuf___message___Message):
    DESCRIPTOR: google___protobuf___descriptor___Descriptor = ...
    a_bool: builtin___bool = ...

    def __init__(self,
        *,
        a_bool : typing___Optional[builtin___bool] = None,
        ) -> None: ...
    def ClearField(self, field_name: typing_extensions___Literal[u"a_bool",b"a_bool"]) -> None: ...
type___OuterMessage3 = OuterMessage3

class SimpleProto3(google___protobuf___message___Message):
    DESCRIPTOR: google___protobuf___descriptor___Descriptor = ...
    InnerEnumValue = typing___NewType('InnerEnumValue', builtin___int)
    type___InnerEnumValue = InnerEnumValue
    InnerEnum: _InnerEnum
    class _InnerEnum(google___protobuf___internal___enum_type_wrapper____EnumTypeWrapper[SimpleProto3.InnerEnumValue]):
        DESCRIPTOR: google___protobuf___descriptor___EnumDescriptor = ...
        INNER1 = typing___cast(SimpleProto3.InnerEnumValue, 0)
        INNER2 = typing___cast(SimpleProto3.InnerEnumValue, 1)
    INNER1 = typing___cast(SimpleProto3.InnerEnumValue, 0)
    INNER2 = typing___cast(SimpleProto3.InnerEnumValue, 1)

    class MapScalarEntry(google___protobuf___message___Message):
        DESCRIPTOR: google___protobuf___descriptor___Descriptor = ...
        key: builtin___int = ...
        value: typing___Text = ...

        def __init__(self,
            *,
            key : typing___Optional[builtin___int] = None,
            value : typing___Optional[typing___Text] = None,
            ) -> None: ...
        def ClearField(self, field_name: typing_extensions___Literal[u"key",b"key",u"value",b"value"]) -> None: ...
    type___MapScalarEntry = MapScalarEntry

    class MapMessageEntry(google___protobuf___message___Message):
        DESCRIPTOR: google___protobuf___descriptor___Descriptor = ...
        key: builtin___int = ...

        @property
        def value(self) -> type___OuterMessage3: ...

        def __init__(self,
            *,
            key : typing___Optional[builtin___int] = None,
            value : typing___Optional[type___OuterMessage3] = None,
            ) -> None: ...
        def HasField(self, field_name: typing_extensions___Literal[u"value",b"value"]) -> builtin___bool: ...
        def ClearField(self, field_name: typing_extensions___Literal[u"key",b"key",u"value",b"value"]) -> None: ...
    type___MapMessageEntry = MapMessageEntry

    a_string: typing___Text = ...
    a_repeated_string: google___protobuf___internal___containers___RepeatedScalarFieldContainer[typing___Text] = ...
    a_outer_enum: type___OuterEnumValue = ...
    inner_enum: type___SimpleProto3.InnerEnumValue = ...
    a_oneof_1: typing___Text = ...
    a_oneof_2: typing___Text = ...
    outer_enum_in_oneof: type___OuterEnumValue = ...
    inner_enum_in_oneof: type___SimpleProto3.InnerEnumValue = ...
    b_oneof_1: typing___Text = ...
    b_oneof_2: typing___Text = ...
    OuterEnum: type___OuterEnumValue = ...
    an_optional_string: typing___Text = ...

    @property
    def outer_message(self) -> type___OuterMessage3: ...

    @property
    def outer_message_in_oneof(self) -> type___OuterMessage3: ...

    @property
    def bool(self) -> type___OuterMessage3: ...

    @property
    def OuterMessage3(self) -> type___OuterMessage3: ...

    @property
    def map_scalar(self) -> google___protobuf___internal___containers___ScalarMap[builtin___int, typing___Text]: ...

    @property
    def map_message(self) -> google___protobuf___internal___containers___MessageMap[builtin___int, type___OuterMessage3]: ...

    def __init__(self,
        *,
        a_string : typing___Optional[typing___Text] = None,
        a_repeated_string : typing___Optional[typing___Iterable[typing___Text]] = None,
        a_outer_enum : typing___Optional[type___OuterEnumValue] = None,
        outer_message : typing___Optional[type___OuterMessage3] = None,
        inner_enum : typing___Optional[type___SimpleProto3.InnerEnumValue] = None,
        a_oneof_1 : typing___Optional[typing___Text] = None,
        a_oneof_2 : typing___Optional[typing___Text] = None,
        outer_message_in_oneof : typing___Optional[type___OuterMessage3] = None,
        outer_enum_in_oneof : typing___Optional[type___OuterEnumValue] = None,
        inner_enum_in_oneof : typing___Optional[type___SimpleProto3.InnerEnumValue] = None,
        b_oneof_1 : typing___Optional[typing___Text] = None,
        b_oneof_2 : typing___Optional[typing___Text] = None,
        bool : typing___Optional[type___OuterMessage3] = None,
        OuterEnum : typing___Optional[type___OuterEnumValue] = None,
        OuterMessage3 : typing___Optional[type___OuterMessage3] = None,
        map_scalar : typing___Optional[typing___Mapping[builtin___int, typing___Text]] = None,
        map_message : typing___Optional[typing___Mapping[builtin___int, type___OuterMessage3]] = None,
        an_optional_string : typing___Optional[typing___Text] = None,
        ) -> None: ...
    def HasField(self, field_name: typing_extensions___Literal[u"OuterMessage3",b"OuterMessage3",u"_an_optional_string",b"_an_optional_string",u"a_oneof",b"a_oneof",u"a_oneof_1",b"a_oneof_1",u"a_oneof_2",b"a_oneof_2",u"an_optional_string",b"an_optional_string",u"b_oneof",b"b_oneof",u"b_oneof_1",b"b_oneof_1",u"b_oneof_2",b"b_oneof_2",u"bool",b"bool",u"inner_enum_in_oneof",b"inner_enum_in_oneof",u"outer_enum_in_oneof",b"outer_enum_in_oneof",u"outer_message",b"outer_message",u"outer_message_in_oneof",b"outer_message_in_oneof"]) -> builtin___bool: ...
    def ClearField(self, field_name: typing_extensions___Literal[u"OuterEnum",b"OuterEnum",u"OuterMessage3",b"OuterMessage3",u"_an_optional_string",b"_an_optional_string",u"a_oneof",b"a_oneof",u"a_oneof_1",b"a_oneof_1",u"a_oneof_2",b"a_oneof_2",u"a_outer_enum",b"a_outer_enum",u"a_repeated_string",b"a_repeated_string",u"a_string",b"a_string",u"an_optional_string",b"an_optional_string",u"b_oneof",b"b_oneof",u"b_oneof_1",b"b_oneof_1",u"b_oneof_2",b"b_oneof_2",u"bool",b"bool",u"inner_enum",b"inner_enum",u"inner_enum_in_oneof",b"inner_enum_in_oneof",u"map_message",b"map_message",u"map_scalar",b"map_scalar",u"outer_enum_in_oneof",b"outer_enum_in_oneof",u"outer_message",b"outer_message",u"outer_message_in_oneof",b"outer_message_in_oneof"]) -> None: ...
    @typing___overload
    def WhichOneof(self, oneof_group: typing_extensions___Literal[u"_an_optional_string",b"_an_optional_string"]) -> typing_extensions___Literal["an_optional_string"]: ...
    @typing___overload
    def WhichOneof(self, oneof_group: typing_extensions___Literal[u"a_oneof",b"a_oneof"]) -> typing_extensions___Literal["a_oneof_1","a_oneof_2","outer_message_in_oneof","outer_enum_in_oneof","inner_enum_in_oneof"]: ...
    @typing___overload
    def WhichOneof(self, oneof_group: typing_extensions___Literal[u"b_oneof",b"b_oneof"]) -> typing_extensions___Literal["b_oneof_1","b_oneof_2"]: ...
type___SimpleProto3 = SimpleProto3
