"""
@generated by mypy-protobuf.  Do not edit manually!
isort:skip_file
"""
from abc import (
    ABCMeta as abc___ABCMeta,
    abstractmethod as abc___abstractmethod,
)

from concurrent.futures import (
    Future as concurrent___futures___Future,
)

from google.protobuf.descriptor import (
    Descriptor as google___protobuf___descriptor___Descriptor,
    EnumDescriptor as google___protobuf___descriptor___EnumDescriptor,
    FileDescriptor as google___protobuf___descriptor___FileDescriptor,
)

from google.protobuf.internal.containers import (
    RepeatedCompositeFieldContainer as google___protobuf___internal___containers___RepeatedCompositeFieldContainer,
    RepeatedScalarFieldContainer as google___protobuf___internal___containers___RepeatedScalarFieldContainer,
)

from google.protobuf.internal.enum_type_wrapper import (
    _EnumTypeWrapper as google___protobuf___internal___enum_type_wrapper____EnumTypeWrapper,
)

from google.protobuf.internal.extension_dict import (
    _ExtensionFieldDescriptor as google___protobuf___internal___extension_dict____ExtensionFieldDescriptor,
)

from google.protobuf.message import (
    Message as google___protobuf___message___Message,
)

from google.protobuf.service import (
    RpcChannel as google___protobuf___service___RpcChannel,
    RpcController as google___protobuf___service___RpcController,
    Service as google___protobuf___service___Service,
)

from testproto.inner.inner_pb2 import (
    Inner as testproto___inner___inner_pb2___Inner,
)

from testproto.nested.nested_pb2 import (
    AnotherNested as testproto___nested___nested_pb2___AnotherNested,
    Nested as testproto___nested___nested_pb2___Nested,
)

from testproto.nopackage_pb2 import (
    NoPackage as testproto___nopackage_pb2___NoPackage,
)

from testproto.test3_pb2 import (
    OuterEnumValue as testproto___test3_pb2___OuterEnumValue,
)

from typing import (
    Callable as typing___Callable,
    Iterable as typing___Iterable,
    NewType as typing___NewType,
    Optional as typing___Optional,
    Text as typing___Text,
    cast as typing___cast,
)

from typing_extensions import (
    Literal as typing_extensions___Literal,
)


builtin___bool = bool
builtin___bytes = bytes
builtin___float = float
builtin___int = int


DESCRIPTOR: google___protobuf___descriptor___FileDescriptor = ...

OuterEnumValue = typing___NewType('OuterEnumValue', builtin___int)
type___OuterEnumValue = OuterEnumValue
OuterEnum: _OuterEnum
class _OuterEnum(google___protobuf___internal___enum_type_wrapper____EnumTypeWrapper[OuterEnumValue]):
    DESCRIPTOR: google___protobuf___descriptor___EnumDescriptor = ...
    FOO = typing___cast(OuterEnumValue, 1)
    BAR = typing___cast(OuterEnumValue, 2)
FOO = typing___cast(OuterEnumValue, 1)
BAR = typing___cast(OuterEnumValue, 2)

class Simple1(google___protobuf___message___Message):
    DESCRIPTOR: google___protobuf___descriptor___Descriptor = ...
    InnerEnumValue = typing___NewType('InnerEnumValue', builtin___int)
    type___InnerEnumValue = InnerEnumValue
    InnerEnum: _InnerEnum
    class _InnerEnum(google___protobuf___internal___enum_type_wrapper____EnumTypeWrapper[Simple1.InnerEnumValue]):
        DESCRIPTOR: google___protobuf___descriptor___EnumDescriptor = ...
        INNER1 = typing___cast(Simple1.InnerEnumValue, 1)
        INNER2 = typing___cast(Simple1.InnerEnumValue, 2)
    INNER1 = typing___cast(Simple1.InnerEnumValue, 1)
    INNER2 = typing___cast(Simple1.InnerEnumValue, 2)

    class InnerMessage(google___protobuf___message___Message):
        DESCRIPTOR: google___protobuf___descriptor___Descriptor = ...

        def __init__(self,
            ) -> None: ...
    type___InnerMessage = InnerMessage

    a_string: typing___Text = ...
    a_repeated_string: google___protobuf___internal___containers___RepeatedScalarFieldContainer[typing___Text] = ...
    a_boolean: builtin___bool = ...
    a_uint32: builtin___int = ...
    a_enum: type___OuterEnumValue = ...
    a_external_enum: testproto___test3_pb2___OuterEnumValue = ...
    inner_enum: type___Simple1.InnerEnumValue = ...
    rep_inner_enum: google___protobuf___internal___containers___RepeatedScalarFieldContainer[type___Simple1.InnerEnumValue] = ...
    nested_enum: testproto___nested___nested_pb2___AnotherNested.NestedEnumValue = ...
    a_oneof_1: typing___Text = ...
    a_oneof_2: typing___Text = ...
    outer_enum_in_oneof: type___OuterEnumValue = ...
    inner_enum_in_oneof: type___Simple1.InnerEnumValue = ...

    @property
    def a_inner(self) -> testproto___inner___inner_pb2___Inner: ...

    @property
    def a_nested(self) -> testproto___nested___nested_pb2___Nested: ...

    @property
    def inner_message(self) -> type___Simple1.InnerMessage: ...

    @property
    def rep_inner_message(self) -> google___protobuf___internal___containers___RepeatedCompositeFieldContainer[type___Simple1.InnerMessage]: ...

    @property
    def no_package(self) -> testproto___nopackage_pb2___NoPackage: ...

    @property
    def nested_message(self) -> testproto___nested___nested_pb2___AnotherNested.NestedMessage: ...

    @property
    def outer_message_in_oneof(self) -> type___Simple2: ...

    def __init__(self,
        *,
        a_string : typing___Optional[typing___Text] = None,
        a_repeated_string : typing___Optional[typing___Iterable[typing___Text]] = None,
        a_boolean : typing___Optional[builtin___bool] = None,
        a_uint32 : typing___Optional[builtin___int] = None,
        a_enum : typing___Optional[type___OuterEnumValue] = None,
        a_external_enum : typing___Optional[testproto___test3_pb2___OuterEnumValue] = None,
        a_inner : typing___Optional[testproto___inner___inner_pb2___Inner] = None,
        a_nested : typing___Optional[testproto___nested___nested_pb2___Nested] = None,
        inner_enum : typing___Optional[type___Simple1.InnerEnumValue] = None,
        rep_inner_enum : typing___Optional[typing___Iterable[type___Simple1.InnerEnumValue]] = None,
        inner_message : typing___Optional[type___Simple1.InnerMessage] = None,
        rep_inner_message : typing___Optional[typing___Iterable[type___Simple1.InnerMessage]] = None,
        no_package : typing___Optional[testproto___nopackage_pb2___NoPackage] = None,
        nested_enum : typing___Optional[testproto___nested___nested_pb2___AnotherNested.NestedEnumValue] = None,
        nested_message : typing___Optional[testproto___nested___nested_pb2___AnotherNested.NestedMessage] = None,
        a_oneof_1 : typing___Optional[typing___Text] = None,
        a_oneof_2 : typing___Optional[typing___Text] = None,
        outer_message_in_oneof : typing___Optional[type___Simple2] = None,
        outer_enum_in_oneof : typing___Optional[type___OuterEnumValue] = None,
        inner_enum_in_oneof : typing___Optional[type___Simple1.InnerEnumValue] = None,
        ) -> None: ...
    def HasField(self, field_name: typing_extensions___Literal[u"a_boolean",b"a_boolean",u"a_enum",b"a_enum",u"a_external_enum",b"a_external_enum",u"a_inner",b"a_inner",u"a_nested",b"a_nested",u"a_oneof",b"a_oneof",u"a_oneof_1",b"a_oneof_1",u"a_oneof_2",b"a_oneof_2",u"a_string",b"a_string",u"a_uint32",b"a_uint32",u"inner_enum",b"inner_enum",u"inner_enum_in_oneof",b"inner_enum_in_oneof",u"inner_message",b"inner_message",u"nested_enum",b"nested_enum",u"nested_message",b"nested_message",u"no_package",b"no_package",u"outer_enum_in_oneof",b"outer_enum_in_oneof",u"outer_message_in_oneof",b"outer_message_in_oneof"]) -> builtin___bool: ...
    def ClearField(self, field_name: typing_extensions___Literal[u"a_boolean",b"a_boolean",u"a_enum",b"a_enum",u"a_external_enum",b"a_external_enum",u"a_inner",b"a_inner",u"a_nested",b"a_nested",u"a_oneof",b"a_oneof",u"a_oneof_1",b"a_oneof_1",u"a_oneof_2",b"a_oneof_2",u"a_repeated_string",b"a_repeated_string",u"a_string",b"a_string",u"a_uint32",b"a_uint32",u"inner_enum",b"inner_enum",u"inner_enum_in_oneof",b"inner_enum_in_oneof",u"inner_message",b"inner_message",u"nested_enum",b"nested_enum",u"nested_message",b"nested_message",u"no_package",b"no_package",u"outer_enum_in_oneof",b"outer_enum_in_oneof",u"outer_message_in_oneof",b"outer_message_in_oneof",u"rep_inner_enum",b"rep_inner_enum",u"rep_inner_message",b"rep_inner_message"]) -> None: ...
    def WhichOneof(self, oneof_group: typing_extensions___Literal[u"a_oneof",b"a_oneof"]) -> typing_extensions___Literal["a_oneof_1","a_oneof_2","outer_message_in_oneof","outer_enum_in_oneof","inner_enum_in_oneof"]: ...
type___Simple1 = Simple1

class Simple2(google___protobuf___message___Message):
    DESCRIPTOR: google___protobuf___descriptor___Descriptor = ...
    a_string: typing___Text = ...

    def __init__(self,
        *,
        a_string : typing___Optional[typing___Text] = None,
        ) -> None: ...
    def HasField(self, field_name: typing_extensions___Literal[u"a_string",b"a_string"]) -> builtin___bool: ...
    def ClearField(self, field_name: typing_extensions___Literal[u"a_string",b"a_string"]) -> None: ...
type___Simple2 = Simple2

class Extensions1(google___protobuf___message___Message):
    DESCRIPTOR: google___protobuf___descriptor___Descriptor = ...
    ext1_string: typing___Text = ...

    ext: google___protobuf___internal___extension_dict____ExtensionFieldDescriptor[type___Simple1, type___Extensions1] = ...

    def __init__(self,
        *,
        ext1_string : typing___Optional[typing___Text] = None,
        ) -> None: ...
    def HasField(self, field_name: typing_extensions___Literal[u"ext1_string",b"ext1_string"]) -> builtin___bool: ...
    def ClearField(self, field_name: typing_extensions___Literal[u"ext1_string",b"ext1_string"]) -> None: ...
type___Extensions1 = Extensions1

class Extensions2(google___protobuf___message___Message):
    DESCRIPTOR: google___protobuf___descriptor___Descriptor = ...
    flag: builtin___bool = ...

    foo: google___protobuf___internal___extension_dict____ExtensionFieldDescriptor[type___Simple1, type___Extensions2] = ...

    def __init__(self,
        *,
        flag : typing___Optional[builtin___bool] = None,
        ) -> None: ...
    def HasField(self, field_name: typing_extensions___Literal[u"flag",b"flag"]) -> builtin___bool: ...
    def ClearField(self, field_name: typing_extensions___Literal[u"flag",b"flag"]) -> None: ...
type___Extensions2 = Extensions2

class PythonReservedKeywords(google___protobuf___message___Message):
    DESCRIPTOR: google___protobuf___descriptor___Descriptor = ...

    def __init__(self,
        ) -> None: ...
    def HasField(self, field_name: typing_extensions___Literal[u"False",b"False",u"None",b"None",u"True",b"True",u"and",b"and",u"as",b"as",u"assert",b"assert",u"break",b"break",u"class",b"class",u"def",b"def",u"del",b"del",u"elif",b"elif",u"else",b"else",u"except",b"except",u"for",b"for",u"from",b"from",u"global",b"global",u"if",b"if",u"import",b"import",u"in",b"in",u"is",b"is",u"nonlocal",b"nonlocal",u"not",b"not",u"or",b"or",u"pass",b"pass",u"raise",b"raise",u"try",b"try",u"while",b"while",u"with",b"with",u"yield",b"yield"]) -> builtin___bool: ...
    def ClearField(self, field_name: typing_extensions___Literal[u"False",b"False",u"None",b"None",u"True",b"True",u"and",b"and",u"as",b"as",u"assert",b"assert",u"break",b"break",u"class",b"class",u"def",b"def",u"del",b"del",u"elif",b"elif",u"else",b"else",u"except",b"except",u"for",b"for",u"from",b"from",u"global",b"global",u"if",b"if",u"import",b"import",u"in",b"in",u"is",b"is",u"nonlocal",b"nonlocal",u"not",b"not",u"or",b"or",u"pass",b"pass",u"raise",b"raise",u"try",b"try",u"while",b"while",u"with",b"with",u"yield",b"yield"]) -> None: ...
type___PythonReservedKeywords = PythonReservedKeywords

class PythonReservedKeywordsSmall(google___protobuf___message___Message):
    DESCRIPTOR: google___protobuf___descriptor___Descriptor = ...

    def __init__(self,
        ) -> None: ...
    def HasField(self, field_name: typing_extensions___Literal[u"from",b"from"]) -> builtin___bool: ...
    def ClearField(self, field_name: typing_extensions___Literal[u"from",b"from"]) -> None: ...
type___PythonReservedKeywordsSmall = PythonReservedKeywordsSmall

class PythonReservedKeywordsService(google___protobuf___service___Service, metaclass=abc___ABCMeta):
    pass
class PythonReservedKeywordsService_Stub(PythonReservedKeywordsService):
    def __init__(self, rpc_channel: google___protobuf___service___RpcChannel) -> None: ...
    pass
class ATestService(google___protobuf___service___Service, metaclass=abc___ABCMeta):
    @abc___abstractmethod
    def Echo(self,
        rpc_controller: google___protobuf___service___RpcController,
        request: type___Simple1,
        done: typing___Optional[typing___Callable[[type___Simple2], None]],
    ) -> concurrent___futures___Future[type___Simple2]: ...
class ATestService_Stub(ATestService):
    def __init__(self, rpc_channel: google___protobuf___service___RpcChannel) -> None: ...
    def Echo(self,
        rpc_controller: google___protobuf___service___RpcController,
        request: type___Simple1,
        done: typing___Optional[typing___Callable[[type___Simple2], None]],
    ) -> concurrent___futures___Future[type___Simple2]: ...