"""
@generated by mypy-protobuf.  Do not edit manually!
isort:skip_file
"""
from google.protobuf.descriptor import (
    FieldDescriptor as google___protobuf___descriptor___FieldDescriptor,
    FileDescriptor as google___protobuf___descriptor___FileDescriptor,
)


DESCRIPTOR: google___protobuf___descriptor___FileDescriptor = ...

test_field_extension: google___protobuf___descriptor___FieldDescriptor = ...

test_message_option: google___protobuf___descriptor___FieldDescriptor = ...
