# @generated by generate_proto_mypy_stubs.py.  Do not edit!
import sys
from google.protobuf.descriptor import (
    Descriptor as google___protobuf___descriptor___Descriptor,
    EnumDescriptor as google___protobuf___descriptor___EnumDescriptor,
    FileDescriptor as google___protobuf___descriptor___FileDescriptor,
)

from google.protobuf.message import (
    Message as google___protobuf___message___Message,
)

from test.proto.test3_pb2 import (
    OuterEnumValue as test___proto___test3_pb2___OuterEnumValue,
)

from typing import (
    List as typing___List,
    NewType as typing___NewType,
    Optional as typing___Optional,
    Text as typing___Text,
    Tuple as typing___Tuple,
    Union as typing___Union,
    cast as typing___cast,
)

from typing_extensions import (
    Literal as typing_extensions___Literal,
)


builtin___bool = bool
builtin___bytes = bytes
builtin___float = float
builtin___int = int
builtin___str = str
if sys.version_info < (3,):
    builtin___buffer = buffer
    builtin___unicode = unicode


DESCRIPTOR: google___protobuf___descriptor___FileDescriptor = ...

class Nested(google___protobuf___message___Message):
    DESCRIPTOR: google___protobuf___descriptor___Descriptor = ...
    a: test___proto___test3_pb2___OuterEnumValue = ...

    def __init__(self,
        *,
        a : typing___Optional[test___proto___test3_pb2___OuterEnumValue] = None,
        ) -> None: ...
    if sys.version_info >= (3,):
        @classmethod
        def FromString(cls, s: builtin___bytes) -> Nested: ...
    else:
        @classmethod
        def FromString(cls, s: typing___Union[builtin___bytes, builtin___buffer, builtin___unicode]) -> Nested: ...
    def ClearField(self, field_name: typing_extensions___Literal[u"a",b"a"]) -> None: ...
type___Nested = Nested

class AnotherNested(google___protobuf___message___Message):
    DESCRIPTOR: google___protobuf___descriptor___Descriptor = ...
    NestedEnumValue = typing___NewType('NestedEnumValue', builtin___int)
    type___NestedEnumValue = NestedEnumValue
    class NestedEnum(object):
        DESCRIPTOR: google___protobuf___descriptor___EnumDescriptor = ...
        @classmethod
        def Name(cls, number: builtin___int) -> builtin___str: ...
        @classmethod
        def Value(cls, name: builtin___str) -> AnotherNested.NestedEnumValue: ...
        @classmethod
        def keys(cls) -> typing___List[builtin___str]: ...
        @classmethod
        def values(cls) -> typing___List[AnotherNested.NestedEnumValue]: ...
        @classmethod
        def items(cls) -> typing___List[typing___Tuple[builtin___str, AnotherNested.NestedEnumValue]]: ...
        INVALID = typing___cast(AnotherNested.NestedEnumValue, 0)
        ONE = typing___cast(AnotherNested.NestedEnumValue, 1)
        TWO = typing___cast(AnotherNested.NestedEnumValue, 2)
    INVALID = typing___cast(AnotherNested.NestedEnumValue, 0)
    ONE = typing___cast(AnotherNested.NestedEnumValue, 1)
    TWO = typing___cast(AnotherNested.NestedEnumValue, 2)
    type___NestedEnum = NestedEnum

    class NestedMessage(google___protobuf___message___Message):
        DESCRIPTOR: google___protobuf___descriptor___Descriptor = ...
        NestedEnum2Value = typing___NewType('NestedEnum2Value', builtin___int)
        type___NestedEnum2Value = NestedEnum2Value
        class NestedEnum2(object):
            DESCRIPTOR: google___protobuf___descriptor___EnumDescriptor = ...
            @classmethod
            def Name(cls, number: builtin___int) -> builtin___str: ...
            @classmethod
            def Value(cls, name: builtin___str) -> AnotherNested.NestedMessage.NestedEnum2Value: ...
            @classmethod
            def keys(cls) -> typing___List[builtin___str]: ...
            @classmethod
            def values(cls) -> typing___List[AnotherNested.NestedMessage.NestedEnum2Value]: ...
            @classmethod
            def items(cls) -> typing___List[typing___Tuple[builtin___str, AnotherNested.NestedMessage.NestedEnum2Value]]: ...
            UNDEFINED = typing___cast(AnotherNested.NestedMessage.NestedEnum2Value, 0)
            NESTED_ENUM1 = typing___cast(AnotherNested.NestedMessage.NestedEnum2Value, 1)
            NESTED_ENUM2 = typing___cast(AnotherNested.NestedMessage.NestedEnum2Value, 2)
        UNDEFINED = typing___cast(AnotherNested.NestedMessage.NestedEnum2Value, 0)
        NESTED_ENUM1 = typing___cast(AnotherNested.NestedMessage.NestedEnum2Value, 1)
        NESTED_ENUM2 = typing___cast(AnotherNested.NestedMessage.NestedEnum2Value, 2)
        type___NestedEnum2 = NestedEnum2

        s: typing___Text = ...
        b: builtin___bool = ...
        ne: type___AnotherNested.NestedEnumValue = ...
        ne2: type___AnotherNested.NestedMessage.NestedEnum2Value = ...

        def __init__(self,
            *,
            s : typing___Optional[typing___Text] = None,
            b : typing___Optional[builtin___bool] = None,
            ne : typing___Optional[type___AnotherNested.NestedEnumValue] = None,
            ne2 : typing___Optional[type___AnotherNested.NestedMessage.NestedEnum2Value] = None,
            ) -> None: ...
        if sys.version_info >= (3,):
            @classmethod
            def FromString(cls, s: builtin___bytes) -> AnotherNested.NestedMessage: ...
        else:
            @classmethod
            def FromString(cls, s: typing___Union[builtin___bytes, builtin___buffer, builtin___unicode]) -> AnotherNested.NestedMessage: ...
        def ClearField(self, field_name: typing_extensions___Literal[u"b",b"b",u"ne",b"ne",u"ne2",b"ne2",u"s",b"s"]) -> None: ...
    type___NestedMessage = NestedMessage


    def __init__(self,
        ) -> None: ...
    if sys.version_info >= (3,):
        @classmethod
        def FromString(cls, s: builtin___bytes) -> AnotherNested: ...
    else:
        @classmethod
        def FromString(cls, s: typing___Union[builtin___bytes, builtin___buffer, builtin___unicode]) -> AnotherNested: ...
type___AnotherNested = AnotherNested
