"""
@generated by mypy-protobuf.  Do not edit manually!
isort:skip_file
"""
import builtins
import google.protobuf.descriptor
import google.protobuf.message
import typing
import typing_extensions

DESCRIPTOR: google.protobuf.descriptor.FileDescriptor = ...

class lower(google.protobuf.message.Message):
    DESCRIPTOR: google.protobuf.descriptor.Descriptor = ...
    a: builtins.int = ...

    def __init__(self,
        *,
        a : builtins.int = ...,
        ) -> None: ...
    def ClearField(self, field_name: typing_extensions.Literal[u"a",b"a"]) -> None: ...
type___lower = lower

class Upper(google.protobuf.message.Message):
    DESCRIPTOR: google.protobuf.descriptor.Descriptor = ...

    @property
    def Lower(self) -> type___lower: ...

    def __init__(self,
        *,
        Lower : typing.Optional[type___lower] = ...,
        ) -> None: ...
    def HasField(self, field_name: typing_extensions.Literal[u"Lower",b"Lower"]) -> builtins.bool: ...
    def ClearField(self, field_name: typing_extensions.Literal[u"Lower",b"Lower"]) -> None: ...
type___Upper = Upper

class lower2(google.protobuf.message.Message):
    DESCRIPTOR: google.protobuf.descriptor.Descriptor = ...

    @property
    def upper(self) -> type___Upper: ...

    def __init__(self,
        *,
        upper : typing.Optional[type___Upper] = ...,
        ) -> None: ...
    def HasField(self, field_name: typing_extensions.Literal[u"upper",b"upper"]) -> builtins.bool: ...
    def ClearField(self, field_name: typing_extensions.Literal[u"upper",b"upper"]) -> None: ...
type___lower2 = lower2
