# @generated by generate_proto_mypy_stubs.py.  Do not edit!
import sys
from google.protobuf.descriptor import (
    Descriptor as google___protobuf___descriptor___Descriptor,
)

from google.protobuf.internal.containers import (
    RepeatedCompositeFieldContainer as google___protobuf___internal___containers___RepeatedCompositeFieldContainer,
)

from google.protobuf.message import (
    Message as google___protobuf___message___Message,
)

from typing import (
    Iterable as typing___Iterable,
    Optional as typing___Optional,
    Union as typing___Union,
)

from typing_extensions import (
    Literal as typing_extensions___Literal,
)


builtin___bool = bool
builtin___bytes = bytes
builtin___float = float
builtin___int = int
if sys.version_info < (3,):
    builtin___buffer = buffer
    builtin___unicode = unicode


class NoPackage(google___protobuf___message___Message):
    DESCRIPTOR: google___protobuf___descriptor___Descriptor = ...

    def __init__(self,
        ) -> None: ...
    if sys.version_info >= (3,):
        @classmethod
        def FromString(cls, s: builtin___bytes) -> NoPackage: ...
    else:
        @classmethod
        def FromString(cls, s: typing___Union[builtin___bytes, builtin___buffer, builtin___unicode]) -> NoPackage: ...
    def MergeFrom(self, other_msg: google___protobuf___message___Message) -> None: ...
    def CopyFrom(self, other_msg: google___protobuf___message___Message) -> None: ...
global___NoPackage = NoPackage

class NoPackage2(google___protobuf___message___Message):
    DESCRIPTOR: google___protobuf___descriptor___Descriptor = ...

    @property
    def np(self) -> global___NoPackage: ...

    @property
    def np_rep(self) -> google___protobuf___internal___containers___RepeatedCompositeFieldContainer[global___NoPackage]: ...

    def __init__(self,
        *,
        np : typing___Optional[global___NoPackage] = None,
        np_rep : typing___Optional[typing___Iterable[global___NoPackage]] = None,
        ) -> None: ...
    if sys.version_info >= (3,):
        @classmethod
        def FromString(cls, s: builtin___bytes) -> NoPackage2: ...
    else:
        @classmethod
        def FromString(cls, s: typing___Union[builtin___bytes, builtin___buffer, builtin___unicode]) -> NoPackage2: ...
    def MergeFrom(self, other_msg: google___protobuf___message___Message) -> None: ...
    def CopyFrom(self, other_msg: google___protobuf___message___Message) -> None: ...
    def HasField(self, field_name: typing_extensions___Literal[u"np",b"np"]) -> builtin___bool: ...
    def ClearField(self, field_name: typing_extensions___Literal[u"np",b"np",u"np_rep",b"np_rep"]) -> None: ...
global___NoPackage2 = NoPackage2
