# @generated by generate_proto_mypy_stubs.py.  Do not edit!
import sys
from google.protobuf.descriptor import (
    Descriptor as google___protobuf___descriptor___Descriptor,
)

from google.protobuf.message import (
    Message as google___protobuf___message___Message,
)

from typing import (
    Text as typing___Text,
)

from typing_extensions import (
    Literal as typing_extensions___Literal,
)


class Simple3(google___protobuf___message___Message):
    DESCRIPTOR: google___protobuf___descriptor___Descriptor = ...
    a_string = ... # type: typing___Text

    def __init__(self,
        *,
        a_string : typing___Text,
        ) -> None: ...
    @classmethod
    def FromString(cls, s: bytes) -> Simple3: ...
    def MergeFrom(self, other_msg: google___protobuf___message___Message) -> None: ...
    def CopyFrom(self, other_msg: google___protobuf___message___Message) -> None: ...
    if sys.version_info >= (3,):
        def HasField(self, field_name: typing_extensions___Literal[u"a_string"]) -> bool: ...
        def ClearField(self, field_name: typing_extensions___Literal[u"a_string"]) -> None: ...
    else:
        def HasField(self, field_name: typing_extensions___Literal[u"a_string",b"a_string"]) -> bool: ...
        def ClearField(self, field_name: typing_extensions___Literal[u"a_string",b"a_string"]) -> None: ...
