# @generated by generate_proto_mypy_stubs.py.  Do not edit!
import sys
from google.protobuf.descriptor import (
    Descriptor as google___protobuf___descriptor___Descriptor,
    EnumDescriptor as google___protobuf___descriptor___EnumDescriptor,
)

from google.protobuf.internal.containers import (
    RepeatedScalarFieldContainer as google___protobuf___internal___containers___RepeatedScalarFieldContainer,
)

from google.protobuf.message import (
    Message as google___protobuf___message___Message,
)

from typing import (
    Iterable as typing___Iterable,
    List as typing___List,
    NewType as typing___NewType,
    Optional as typing___Optional,
    Text as typing___Text,
    Tuple as typing___Tuple,
    Union as typing___Union,
    cast as typing___cast,
    overload as typing___overload,
)

from typing_extensions import (
    Literal as typing_extensions___Literal,
)


builtin___bool = bool
builtin___bytes = bytes
builtin___float = float
builtin___int = int
builtin___str = str
if sys.version_info < (3,):
    builtin___buffer = buffer
    builtin___unicode = unicode


OuterEnumValue = typing___NewType('OuterEnumValue', builtin___int)
type___OuterEnumValue = OuterEnumValue
class OuterEnum(object):
    DESCRIPTOR: google___protobuf___descriptor___EnumDescriptor = ...
    @classmethod
    def Name(cls, number: builtin___int) -> builtin___str: ...
    @classmethod
    def Value(cls, name: builtin___str) -> OuterEnumValue: ...
    @classmethod
    def keys(cls) -> typing___List[builtin___str]: ...
    @classmethod
    def values(cls) -> typing___List[OuterEnumValue]: ...
    @classmethod
    def items(cls) -> typing___List[typing___Tuple[builtin___str, OuterEnumValue]]: ...
    UNKNOWN = typing___cast(OuterEnumValue, 0)
    FOO3 = typing___cast(OuterEnumValue, 1)
    BAR3 = typing___cast(OuterEnumValue, 2)
UNKNOWN = typing___cast(OuterEnumValue, 0)
FOO3 = typing___cast(OuterEnumValue, 1)
BAR3 = typing___cast(OuterEnumValue, 2)
type___OuterEnum = OuterEnum

class OuterMessage3(google___protobuf___message___Message):
    DESCRIPTOR: google___protobuf___descriptor___Descriptor = ...
    a_bool: builtin___bool = ...

    def __init__(self,
        *,
        a_bool : typing___Optional[builtin___bool] = None,
        ) -> None: ...
    if sys.version_info >= (3,):
        @classmethod
        def FromString(cls, s: builtin___bytes) -> OuterMessage3: ...
    else:
        @classmethod
        def FromString(cls, s: typing___Union[builtin___bytes, builtin___buffer, builtin___unicode]) -> OuterMessage3: ...
    def MergeFrom(self, other_msg: google___protobuf___message___Message) -> None: ...
    def CopyFrom(self, other_msg: google___protobuf___message___Message) -> None: ...
    def ClearField(self, field_name: typing_extensions___Literal[u"a_bool",b"a_bool"]) -> None: ...
type___OuterMessage3 = OuterMessage3

class SimpleProto3(google___protobuf___message___Message):
    DESCRIPTOR: google___protobuf___descriptor___Descriptor = ...
    a_string: typing___Text = ...
    a_repeated_string: google___protobuf___internal___containers___RepeatedScalarFieldContainer[typing___Text] = ...
    a_outer_enum: type___OuterEnumValue = ...
    a_oneof_1: typing___Text = ...
    a_oneof_2: typing___Text = ...
    b_oneof_1: typing___Text = ...
    b_oneof_2: typing___Text = ...
    OuterEnum: type___OuterEnumValue = ...

    @property
    def outer_message(self) -> type___OuterMessage3: ...

    @property
    def bool(self) -> type___OuterMessage3: ...

    @property
    def OuterMessage3(self) -> type___OuterMessage3: ...

    def __init__(self,
        *,
        a_string : typing___Optional[typing___Text] = None,
        a_repeated_string : typing___Optional[typing___Iterable[typing___Text]] = None,
        a_outer_enum : typing___Optional[type___OuterEnumValue] = None,
        outer_message : typing___Optional[type___OuterMessage3] = None,
        a_oneof_1 : typing___Optional[typing___Text] = None,
        a_oneof_2 : typing___Optional[typing___Text] = None,
        b_oneof_1 : typing___Optional[typing___Text] = None,
        b_oneof_2 : typing___Optional[typing___Text] = None,
        bool : typing___Optional[type___OuterMessage3] = None,
        OuterEnum : typing___Optional[type___OuterEnumValue] = None,
        OuterMessage3 : typing___Optional[type___OuterMessage3] = None,
        ) -> None: ...
    if sys.version_info >= (3,):
        @classmethod
        def FromString(cls, s: builtin___bytes) -> SimpleProto3: ...
    else:
        @classmethod
        def FromString(cls, s: typing___Union[builtin___bytes, builtin___buffer, builtin___unicode]) -> SimpleProto3: ...
    def MergeFrom(self, other_msg: google___protobuf___message___Message) -> None: ...
    def CopyFrom(self, other_msg: google___protobuf___message___Message) -> None: ...
    def HasField(self, field_name: typing_extensions___Literal[u"OuterMessage3",b"OuterMessage3",u"a_oneof",b"a_oneof",u"a_oneof_1",b"a_oneof_1",u"a_oneof_2",b"a_oneof_2",u"b_oneof",b"b_oneof",u"b_oneof_1",b"b_oneof_1",u"b_oneof_2",b"b_oneof_2",u"bool",b"bool",u"outer_message",b"outer_message"]) -> builtin___bool: ...
    def ClearField(self, field_name: typing_extensions___Literal[u"OuterEnum",b"OuterEnum",u"OuterMessage3",b"OuterMessage3",u"a_oneof",b"a_oneof",u"a_oneof_1",b"a_oneof_1",u"a_oneof_2",b"a_oneof_2",u"a_outer_enum",b"a_outer_enum",u"a_repeated_string",b"a_repeated_string",u"a_string",b"a_string",u"b_oneof",b"b_oneof",u"b_oneof_1",b"b_oneof_1",u"b_oneof_2",b"b_oneof_2",u"bool",b"bool",u"outer_message",b"outer_message"]) -> None: ...
    @typing___overload
    def WhichOneof(self, oneof_group: typing_extensions___Literal[u"a_oneof",b"a_oneof"]) -> typing_extensions___Literal["a_oneof_1","a_oneof_2"]: ...
    @typing___overload
    def WhichOneof(self, oneof_group: typing_extensions___Literal[u"b_oneof",b"b_oneof"]) -> typing_extensions___Literal["b_oneof_1","b_oneof_2"]: ...
type___SimpleProto3 = SimpleProto3
