"""
@generated by mypy-protobuf.  Do not edit manually!
isort:skip_file
"""
import google.protobuf.descriptor
import google.protobuf.message
import testproto.test3_pb2
import typing_extensions

DESCRIPTOR: google.protobuf.descriptor.FileDescriptor = ...

class Inner(google.protobuf.message.Message):
    DESCRIPTOR: google.protobuf.descriptor.Descriptor = ...
    a: testproto.test3_pb2.OuterEnum.V = ...

    def __init__(self,
        *,
        a : testproto.test3_pb2.OuterEnum.V = ...,
        ) -> None: ...
    def ClearField(self, field_name: typing_extensions.Literal[u"a",b"a"]) -> None: ...
global___Inner = Inner
