# @generated by generate_proto_mypy_stubs.py.  Do not edit!
import sys
from google.protobuf.descriptor import (
    Descriptor as google___protobuf___descriptor___Descriptor,
)

from google.protobuf.message import (
    Message as google___protobuf___message___Message,
)

from typing import (
    Optional as typing___Optional,
)

from typing_extensions import (
    Literal as typing_extensions___Literal,
)


class lower(google___protobuf___message___Message):
    DESCRIPTOR: google___protobuf___descriptor___Descriptor = ...
    a = ... # type: int

    def __init__(self,
        *,
        a : typing___Optional[int] = None,
        ) -> None: ...
    @classmethod
    def FromString(cls, s: bytes) -> lower: ...
    def MergeFrom(self, other_msg: google___protobuf___message___Message) -> None: ...
    def CopyFrom(self, other_msg: google___protobuf___message___Message) -> None: ...
    if sys.version_info >= (3,):
        def ClearField(self, field_name: typing_extensions___Literal[u"a"]) -> None: ...
    else:
        def ClearField(self, field_name: typing_extensions___Literal[u"a",b"a"]) -> None: ...

class Upper(google___protobuf___message___Message):
    DESCRIPTOR: google___protobuf___descriptor___Descriptor = ...

    @property
    def Lower(self) -> lower: ...

    def __init__(self,
        *,
        Lower : typing___Optional[lower] = None,
        ) -> None: ...
    @classmethod
    def FromString(cls, s: bytes) -> Upper: ...
    def MergeFrom(self, other_msg: google___protobuf___message___Message) -> None: ...
    def CopyFrom(self, other_msg: google___protobuf___message___Message) -> None: ...
    if sys.version_info >= (3,):
        def HasField(self, field_name: typing_extensions___Literal[u"Lower"]) -> bool: ...
        def ClearField(self, field_name: typing_extensions___Literal[u"Lower"]) -> None: ...
    else:
        def HasField(self, field_name: typing_extensions___Literal[u"Lower",b"Lower"]) -> bool: ...
        def ClearField(self, field_name: typing_extensions___Literal[u"Lower",b"Lower"]) -> None: ...

class lower2(google___protobuf___message___Message):
    DESCRIPTOR: google___protobuf___descriptor___Descriptor = ...

    @property
    def upper(self) -> Upper: ...

    def __init__(self,
        *,
        upper : typing___Optional[Upper] = None,
        ) -> None: ...
    @classmethod
    def FromString(cls, s: bytes) -> lower2: ...
    def MergeFrom(self, other_msg: google___protobuf___message___Message) -> None: ...
    def CopyFrom(self, other_msg: google___protobuf___message___Message) -> None: ...
    if sys.version_info >= (3,):
        def HasField(self, field_name: typing_extensions___Literal[u"upper"]) -> bool: ...
        def ClearField(self, field_name: typing_extensions___Literal[u"upper"]) -> None: ...
    else:
        def HasField(self, field_name: typing_extensions___Literal[u"upper",b"upper"]) -> bool: ...
        def ClearField(self, field_name: typing_extensions___Literal[u"upper",b"upper"]) -> None: ...
