"""
@generated by mypy-protobuf.  Do not edit manually!
isort:skip_file
"""
from google.protobuf.descriptor import (
    Descriptor as google___protobuf___descriptor___Descriptor,
    FileDescriptor as google___protobuf___descriptor___FileDescriptor,
)

from google.protobuf.message import (
    Message as google___protobuf___message___Message,
)

from testproto.test3_pb2 import (
    OuterEnumValue as testproto___test3_pb2___OuterEnumValue,
)

from typing import (
    Optional as typing___Optional,
)

from typing_extensions import (
    Literal as typing_extensions___Literal,
)


builtin___bool = bool
builtin___bytes = bytes
builtin___float = float
builtin___int = int


DESCRIPTOR: google___protobuf___descriptor___FileDescriptor = ...

class Inner(google___protobuf___message___Message):
    DESCRIPTOR: google___protobuf___descriptor___Descriptor = ...
    a: testproto___test3_pb2___OuterEnumValue = ...

    def __init__(self,
        *,
        a : typing___Optional[testproto___test3_pb2___OuterEnumValue] = None,
        ) -> None: ...
    def ClearField(self, field_name: typing_extensions___Literal[u"a",b"a"]) -> None: ...
type___Inner = Inner
