"""
@generated by mypy-protobuf.  Do not edit manually!
isort:skip_file
"""
import builtins
from google.protobuf.descriptor import (
    Descriptor as google___protobuf___descriptor___Descriptor,
    FileDescriptor as google___protobuf___descriptor___FileDescriptor,
)

from google.protobuf.internal.well_known_types import (
    Duration as google___protobuf___internal___well_known_types___Duration,
)

from google.protobuf.message import (
    Message as google___protobuf___message___Message,
)

from typing_extensions import (
    Literal as typing_extensions___Literal,
)


DESCRIPTOR: google___protobuf___descriptor___FileDescriptor = ...

class Duration(google___protobuf___message___Message, google___protobuf___internal___well_known_types___Duration):
    DESCRIPTOR: google___protobuf___descriptor___Descriptor = ...
    seconds: builtins.int = ...
    nanos: builtins.int = ...

    def __init__(self,
        *,
        seconds : builtins.int = ...,
        nanos : builtins.int = ...,
        ) -> None: ...
    def ClearField(self, field_name: typing_extensions___Literal[u"nanos",b"nanos",u"seconds",b"seconds"]) -> None: ...
type___Duration = Duration
